// Jest Snapshot v1, https://goo.gl/fbAQLP

exports[`Card component matches the snapshot 1`] = `
ShallowWrapper {
  Symbol(enzyme.__root__): [Circular],
  Symbol(enzyme.__unrendered__): <Card
    entry={
      Object {
        "id": "Luke Skywalker",
        "isFavorite": false,
        "name": "Luke Skywalker",
        "properties": Array [
          Object {
            "header": "Homeworld: ",
            "text": "Tatooine",
          },
          Object {
            "header": "Species: ",
            "text": "human",
          },
          Object {
            "header": "Population: ",
            "text": "200,000",
          },
          Object {
            "header": "Language: ",
            "text": "Galactic Basic",
          },
        ],
        "type": "people",
      }
    }
    favorites={
      Array [
        Object {
          "id": "Dina Caraballo",
          "isFavorite": true,
          "name": "Dina Caraballo",
          "properties": Array [
            Object {
              "header": "Homeworld: ",
              "text": "Earth",
            },
            Object {
              "header": "Species: ",
              "text": "human",
            },
            Object {
              "header": "Population: ",
              "text": "7,000,000,000",
            },
            Object {
              "header": "Language: ",
              "text": "Galactic Basic",
            },
          ],
          "type": "people",
        },
        Object {
          "id": "Alex Ela",
          "isFavorite": true,
          "name": "Alex Ela",
          "properties": Array [
            Object {
              "header": "Homeworld: ",
              "text": "Earth",
            },
            Object {
              "header": "Species: ",
              "text": "human",
            },
            Object {
              "header": "Population: ",
              "text": "7,000,000,000",
            },
            Object {
              "header": "Language: ",
              "text": "Galactic Basic",
            },
          ],
          "type": "people",
        },
        Object {
          "id": "Luke Skywalker",
          "isFavorite": true,
          "name": "Luke Skywalker",
          "properties": Array [
            Object {
              "header": "Homeworld: ",
              "text": "Tatooine",
            },
            Object {
              "header": "Species: ",
              "text": "human",
            },
            Object {
              "header": "Population: ",
              "text": "200,000",
            },
            Object {
              "header": "Language: ",
              "text": "Galactic Basic",
            },
          ],
          "type": "people",
        },
      ]
    }
    isFavorite={false}
    toggleFavorites={[MockFunction]}
  />,
  Symbol(enzyme.__renderer__): Object {
    "batchedUpdates": [Function],
    "getNode": [Function],
    "render": [Function],
    "simulateError": [Function],
    "simulateEvent": [Function],
    "unmount": [Function],
  },
  Symbol(enzyme.__node__): Object {
    "instance": null,
    "key": undefined,
    "nodeType": "host",
    "props": Object {
      "children": Array [
        <div
          className="fav-btn-card-container"
        >
          <h3>
            Luke Skywalker
          </h3>
          <button
            className="fav-btn 
						fav-btn-inactive"
            onClick={[Function]}
            type="submit"
          >
            <i
              className="fas fa-jedi"
            />
          </button>
        </div>,
        Array [
          <p
            className="card-text"
          >
            <span
              className="card-header"
            >
              Homeworld: 
            </span>
            Tatooine
          </p>,
          <p
            className="card-text"
          >
            <span
              className="card-header"
            >
              Species: 
            </span>
            human
          </p>,
          <p
            className="card-text"
          >
            <span
              className="card-header"
            >
              Population: 
            </span>
            200,000
          </p>,
          <p
            className="card-text"
          >
            <span
              className="card-header"
            >
              Language: 
            </span>
            Galactic Basic
          </p>,
        ],
      ],
      "className": "Card",
    },
    "ref": null,
    "rendered": Array [
      Object {
        "instance": null,
        "key": undefined,
        "nodeType": "host",
        "props": Object {
          "children": Array [
            <h3>
              Luke Skywalker
            </h3>,
            <button
              className="fav-btn 
						fav-btn-inactive"
              onClick={[Function]}
              type="submit"
            >
              <i
                className="fas fa-jedi"
              />
            </button>,
          ],
          "className": "fav-btn-card-container",
        },
        "ref": null,
        "rendered": Array [
          Object {
            "instance": null,
            "key": undefined,
            "nodeType": "host",
            "props": Object {
              "children": "Luke Skywalker",
            },
            "ref": null,
            "rendered": "Luke Skywalker",
            "type": "h3",
          },
          Object {
            "instance": null,
            "key": undefined,
            "nodeType": "host",
            "props": Object {
              "children": <i
                className="fas fa-jedi"
              />,
              "className": "fav-btn 
						fav-btn-inactive",
              "onClick": [Function],
              "type": "submit",
            },
            "ref": null,
            "rendered": Object {
              "instance": null,
              "key": undefined,
              "nodeType": "host",
              "props": Object {
                "className": "fas fa-jedi",
              },
              "ref": null,
              "rendered": null,
              "type": "i",
            },
            "type": "button",
          },
        ],
        "type": "div",
      },
      Object {
        "instance": null,
        "key": "Homeworld: ",
        "nodeType": "host",
        "props": Object {
          "children": Array [
            <span
              className="card-header"
            >
              Homeworld: 
            </span>,
            "Tatooine",
          ],
          "className": "card-text",
        },
        "ref": null,
        "rendered": Array [
          Object {
            "instance": null,
            "key": undefined,
            "nodeType": "host",
            "props": Object {
              "children": "Homeworld: ",
              "className": "card-header",
            },
            "ref": null,
            "rendered": "Homeworld: ",
            "type": "span",
          },
          "Tatooine",
        ],
        "type": "p",
      },
      Object {
        "instance": null,
        "key": "Species: ",
        "nodeType": "host",
        "props": Object {
          "children": Array [
            <span
              className="card-header"
            >
              Species: 
            </span>,
            "human",
          ],
          "className": "card-text",
        },
        "ref": null,
        "rendered": Array [
          Object {
            "instance": null,
            "key": undefined,
            "nodeType": "host",
            "props": Object {
              "children": "Species: ",
              "className": "card-header",
            },
            "ref": null,
            "rendered": "Species: ",
            "type": "span",
          },
          "human",
        ],
        "type": "p",
      },
      Object {
        "instance": null,
        "key": "Population: ",
        "nodeType": "host",
        "props": Object {
          "children": Array [
            <span
              className="card-header"
            >
              Population: 
            </span>,
            "200,000",
          ],
          "className": "card-text",
        },
        "ref": null,
        "rendered": Array [
          Object {
            "instance": null,
            "key": undefined,
            "nodeType": "host",
            "props": Object {
              "children": "Population: ",
              "className": "card-header",
            },
            "ref": null,
            "rendered": "Population: ",
            "type": "span",
          },
          "200,000",
        ],
        "type": "p",
      },
      Object {
        "instance": null,
        "key": "Language: ",
        "nodeType": "host",
        "props": Object {
          "children": Array [
            <span
              className="card-header"
            >
              Language: 
            </span>,
            "Galactic Basic",
          ],
          "className": "card-text",
        },
        "ref": null,
        "rendered": Array [
          Object {
            "instance": null,
            "key": undefined,
            "nodeType": "host",
            "props": Object {
              "children": "Language: ",
              "className": "card-header",
            },
            "ref": null,
            "rendered": "Language: ",
            "type": "span",
          },
          "Galactic Basic",
        ],
        "type": "p",
      },
    ],
    "type": "div",
  },
  Symbol(enzyme.__nodes__): Array [
    Object {
      "instance": null,
      "key": undefined,
      "nodeType": "host",
      "props": Object {
        "children": Array [
          <div
            className="fav-btn-card-container"
          >
            <h3>
              Luke Skywalker
            </h3>
            <button
              className="fav-btn 
						fav-btn-inactive"
              onClick={[Function]}
              type="submit"
            >
              <i
                className="fas fa-jedi"
              />
            </button>
          </div>,
          Array [
            <p
              className="card-text"
            >
              <span
                className="card-header"
              >
                Homeworld: 
              </span>
              Tatooine
            </p>,
            <p
              className="card-text"
            >
              <span
                className="card-header"
              >
                Species: 
              </span>
              human
            </p>,
            <p
              className="card-text"
            >
              <span
                className="card-header"
              >
                Population: 
              </span>
              200,000
            </p>,
            <p
              className="card-text"
            >
              <span
                className="card-header"
              >
                Language: 
              </span>
              Galactic Basic
            </p>,
          ],
        ],
        "className": "Card",
      },
      "ref": null,
      "rendered": Array [
        Object {
          "instance": null,
          "key": undefined,
          "nodeType": "host",
          "props": Object {
            "children": Array [
              <h3>
                Luke Skywalker
              </h3>,
              <button
                className="fav-btn 
						fav-btn-inactive"
                onClick={[Function]}
                type="submit"
              >
                <i
                  className="fas fa-jedi"
                />
              </button>,
            ],
            "className": "fav-btn-card-container",
          },
          "ref": null,
          "rendered": Array [
            Object {
              "instance": null,
              "key": undefined,
              "nodeType": "host",
              "props": Object {
                "children": "Luke Skywalker",
              },
              "ref": null,
              "rendered": "Luke Skywalker",
              "type": "h3",
            },
            Object {
              "instance": null,
              "key": undefined,
              "nodeType": "host",
              "props": Object {
                "children": <i
                  className="fas fa-jedi"
                />,
                "className": "fav-btn 
						fav-btn-inactive",
                "onClick": [Function],
                "type": "submit",
              },
              "ref": null,
              "rendered": Object {
                "instance": null,
                "key": undefined,
                "nodeType": "host",
                "props": Object {
                  "className": "fas fa-jedi",
                },
                "ref": null,
                "rendered": null,
                "type": "i",
              },
              "type": "button",
            },
          ],
          "type": "div",
        },
        Object {
          "instance": null,
          "key": "Homeworld: ",
          "nodeType": "host",
          "props": Object {
            "children": Array [
              <span
                className="card-header"
              >
                Homeworld: 
              </span>,
              "Tatooine",
            ],
            "className": "card-text",
          },
          "ref": null,
          "rendered": Array [
            Object {
              "instance": null,
              "key": undefined,
              "nodeType": "host",
              "props": Object {
                "children": "Homeworld: ",
                "className": "card-header",
              },
              "ref": null,
              "rendered": "Homeworld: ",
              "type": "span",
            },
            "Tatooine",
          ],
          "type": "p",
        },
        Object {
          "instance": null,
          "key": "Species: ",
          "nodeType": "host",
          "props": Object {
            "children": Array [
              <span
                className="card-header"
              >
                Species: 
              </span>,
              "human",
            ],
            "className": "card-text",
          },
          "ref": null,
          "rendered": Array [
            Object {
              "instance": null,
              "key": undefined,
              "nodeType": "host",
              "props": Object {
                "children": "Species: ",
                "className": "card-header",
              },
              "ref": null,
              "rendered": "Species: ",
              "type": "span",
            },
            "human",
          ],
          "type": "p",
        },
        Object {
          "instance": null,
          "key": "Population: ",
          "nodeType": "host",
          "props": Object {
            "children": Array [
              <span
                className="card-header"
              >
                Population: 
              </span>,
              "200,000",
            ],
            "className": "card-text",
          },
          "ref": null,
          "rendered": Array [
            Object {
              "instance": null,
              "key": undefined,
              "nodeType": "host",
              "props": Object {
                "children": "Population: ",
                "className": "card-header",
              },
              "ref": null,
              "rendered": "Population: ",
              "type": "span",
            },
            "200,000",
          ],
          "type": "p",
        },
        Object {
          "instance": null,
          "key": "Language: ",
          "nodeType": "host",
          "props": Object {
            "children": Array [
              <span
                className="card-header"
              >
                Language: 
              </span>,
              "Galactic Basic",
            ],
            "className": "card-text",
          },
          "ref": null,
          "rendered": Array [
            Object {
              "instance": null,
              "key": undefined,
              "nodeType": "host",
              "props": Object {
                "children": "Language: ",
                "className": "card-header",
              },
              "ref": null,
              "rendered": "Language: ",
              "type": "span",
            },
            "Galactic Basic",
          ],
          "type": "p",
        },
      ],
      "type": "div",
    },
  ],
  Symbol(enzyme.__options__): Object {
    "adapter": ReactSixteenAdapter {
      "options": Object {
        "enableComponentDidUpdateOnSetState": true,
        "lifecycles": Object {
          "componentDidUpdate": Object {
            "onSetState": true,
          },
          "getDerivedStateFromProps": true,
          "getSnapshotBeforeUpdate": true,
          "setState": Object {
            "skipsComponentDidUpdateOnNullish": true,
          },
        },
      },
    },
  },
}
`;
