// Jest Snapshot v1, https://goo.gl/fbAQLP

exports[`Nav Component should render without crashing 1`] = `
ShallowWrapper {
  Symbol(enzyme.__root__): [Circular],
  Symbol(enzyme.__unrendered__): <Nav />,
  Symbol(enzyme.__renderer__): Object {
    "batchedUpdates": [Function],
    "getNode": [Function],
    "render": [Function],
    "simulateError": [Function],
    "simulateEvent": [Function],
    "unmount": [Function],
  },
  Symbol(enzyme.__node__): Object {
    "instance": null,
    "key": undefined,
    "nodeType": "host",
    "props": Object {
      "children": Array [
        <button
          className="cat-button people-button 
		      	cat-button-inactive"
          name="people"
          onClick={[Function]}
        >
          People
        </button>,
        <button
          className="cat-button planets-button 
		      	cat-button-inactive ? "
          name="planets"
          onClick={[Function]}
        >
          Planets
        </button>,
        <button
          className="cat-button vehicles-button 
		      	cat-button-inactive"
          name="vehicles"
          onClick={[Function]}
        >
          Vehicles
        </button>,
        <FavoriteButton
          className="FavoriteButton"
        />,
      ],
      "className": "button-container",
    },
    "ref": null,
    "rendered": Array [
      Object {
        "instance": null,
        "key": undefined,
        "nodeType": "host",
        "props": Object {
          "children": "People",
          "className": "cat-button people-button 
		      	cat-button-inactive",
          "name": "people",
          "onClick": [Function],
        },
        "ref": null,
        "rendered": "People",
        "type": "button",
      },
      Object {
        "instance": null,
        "key": undefined,
        "nodeType": "host",
        "props": Object {
          "children": "Planets",
          "className": "cat-button planets-button 
		      	cat-button-inactive ? ",
          "name": "planets",
          "onClick": [Function],
        },
        "ref": null,
        "rendered": "Planets",
        "type": "button",
      },
      Object {
        "instance": null,
        "key": undefined,
        "nodeType": "host",
        "props": Object {
          "children": "Vehicles",
          "className": "cat-button vehicles-button 
		      	cat-button-inactive",
          "name": "vehicles",
          "onClick": [Function],
        },
        "ref": null,
        "rendered": "Vehicles",
        "type": "button",
      },
      Object {
        "instance": null,
        "key": undefined,
        "nodeType": "function",
        "props": Object {
          "className": "FavoriteButton",
        },
        "ref": null,
        "rendered": null,
        "type": [Function],
      },
    ],
    "type": "div",
  },
  Symbol(enzyme.__nodes__): Array [
    Object {
      "instance": null,
      "key": undefined,
      "nodeType": "host",
      "props": Object {
        "children": Array [
          <button
            className="cat-button people-button 
		      	cat-button-inactive"
            name="people"
            onClick={[Function]}
          >
            People
          </button>,
          <button
            className="cat-button planets-button 
		      	cat-button-inactive ? "
            name="planets"
            onClick={[Function]}
          >
            Planets
          </button>,
          <button
            className="cat-button vehicles-button 
		      	cat-button-inactive"
            name="vehicles"
            onClick={[Function]}
          >
            Vehicles
          </button>,
          <FavoriteButton
            className="FavoriteButton"
          />,
        ],
        "className": "button-container",
      },
      "ref": null,
      "rendered": Array [
        Object {
          "instance": null,
          "key": undefined,
          "nodeType": "host",
          "props": Object {
            "children": "People",
            "className": "cat-button people-button 
		      	cat-button-inactive",
            "name": "people",
            "onClick": [Function],
          },
          "ref": null,
          "rendered": "People",
          "type": "button",
        },
        Object {
          "instance": null,
          "key": undefined,
          "nodeType": "host",
          "props": Object {
            "children": "Planets",
            "className": "cat-button planets-button 
		      	cat-button-inactive ? ",
            "name": "planets",
            "onClick": [Function],
          },
          "ref": null,
          "rendered": "Planets",
          "type": "button",
        },
        Object {
          "instance": null,
          "key": undefined,
          "nodeType": "host",
          "props": Object {
            "children": "Vehicles",
            "className": "cat-button vehicles-button 
		      	cat-button-inactive",
            "name": "vehicles",
            "onClick": [Function],
          },
          "ref": null,
          "rendered": "Vehicles",
          "type": "button",
        },
        Object {
          "instance": null,
          "key": undefined,
          "nodeType": "function",
          "props": Object {
            "className": "FavoriteButton",
          },
          "ref": null,
          "rendered": null,
          "type": [Function],
        },
      ],
      "type": "div",
    },
  ],
  Symbol(enzyme.__options__): Object {
    "adapter": ReactSixteenAdapter {
      "options": Object {
        "enableComponentDidUpdateOnSetState": true,
        "lifecycles": Object {
          "componentDidUpdate": Object {
            "onSetState": true,
          },
          "getDerivedStateFromProps": true,
          "getSnapshotBeforeUpdate": true,
          "setState": Object {
            "skipsComponentDidUpdateOnNullish": true,
          },
        },
      },
    },
  },
}
`;
