// Jest Snapshot v1, https://goo.gl/fbAQLP

exports[`matches the snapshot 1`] = `
ShallowWrapper {
  Symbol(enzyme.__root__): [Circular],
  Symbol(enzyme.__unrendered__): <App />,
  Symbol(enzyme.__renderer__): Object {
    "batchedUpdates": [Function],
    "getNode": [Function],
    "render": [Function],
    "simulateError": [Function],
    "simulateEvent": [Function],
    "unmount": [Function],
  },
  Symbol(enzyme.__node__): Object {
    "instance": null,
    "key": undefined,
    "nodeType": "host",
    "props": Object {
      "children": Array [
        <header
          className="header"
        >
          <img
            className="app-title"
            src="https://fontmeme.com/permalink/181011/77642b270be5b116183f969599b14285.png"
          />
          <div
            className="button-container"
          >
            <button
              className="cat-button people-button cat-button-inactive"
              name="people"
              onClick={[Function]}
            >
              People
            </button>
            <button
              className="cat-button planets-button"
            >
              Planets
            </button>
            <button
              className="cat-button vehicles-button"
            >
              Vehicles
            </button>
            <FavoriteButton
              className="FavoriteButton"
            />
          </div>
        </header>,
        <Sidebar
          films={Object {}}
        />,
        <CardContainer
          newProps={[Function]}
          people={Array []}
        />,
      ],
      "className": "App",
    },
    "ref": null,
    "rendered": Array [
      Object {
        "instance": null,
        "key": undefined,
        "nodeType": "host",
        "props": Object {
          "children": Array [
            <img
              className="app-title"
              src="https://fontmeme.com/permalink/181011/77642b270be5b116183f969599b14285.png"
            />,
            <div
              className="button-container"
            >
              <button
                className="cat-button people-button cat-button-inactive"
                name="people"
                onClick={[Function]}
              >
                People
              </button>
              <button
                className="cat-button planets-button"
              >
                Planets
              </button>
              <button
                className="cat-button vehicles-button"
              >
                Vehicles
              </button>
              <FavoriteButton
                className="FavoriteButton"
              />
            </div>,
          ],
          "className": "header",
        },
        "ref": null,
        "rendered": Array [
          Object {
            "instance": null,
            "key": undefined,
            "nodeType": "host",
            "props": Object {
              "className": "app-title",
              "src": "https://fontmeme.com/permalink/181011/77642b270be5b116183f969599b14285.png",
            },
            "ref": null,
            "rendered": null,
            "type": "img",
          },
          Object {
            "instance": null,
            "key": undefined,
            "nodeType": "host",
            "props": Object {
              "children": Array [
                <button
                  className="cat-button people-button cat-button-inactive"
                  name="people"
                  onClick={[Function]}
                >
                  People
                </button>,
                <button
                  className="cat-button planets-button"
                >
                  Planets
                </button>,
                <button
                  className="cat-button vehicles-button"
                >
                  Vehicles
                </button>,
                <FavoriteButton
                  className="FavoriteButton"
                />,
              ],
              "className": "button-container",
            },
            "ref": null,
            "rendered": Array [
              Object {
                "instance": null,
                "key": undefined,
                "nodeType": "host",
                "props": Object {
                  "children": "People",
                  "className": "cat-button people-button cat-button-inactive",
                  "name": "people",
                  "onClick": [Function],
                },
                "ref": null,
                "rendered": "People",
                "type": "button",
              },
              Object {
                "instance": null,
                "key": undefined,
                "nodeType": "host",
                "props": Object {
                  "children": "Planets",
                  "className": "cat-button planets-button",
                },
                "ref": null,
                "rendered": "Planets",
                "type": "button",
              },
              Object {
                "instance": null,
                "key": undefined,
                "nodeType": "host",
                "props": Object {
                  "children": "Vehicles",
                  "className": "cat-button vehicles-button",
                },
                "ref": null,
                "rendered": "Vehicles",
                "type": "button",
              },
              Object {
                "instance": null,
                "key": undefined,
                "nodeType": "function",
                "props": Object {
                  "className": "FavoriteButton",
                },
                "ref": null,
                "rendered": null,
                "type": [Function],
              },
            ],
            "type": "div",
          },
        ],
        "type": "header",
      },
      Object {
        "instance": null,
        "key": undefined,
        "nodeType": "class",
        "props": Object {
          "films": Object {},
        },
        "ref": null,
        "rendered": null,
        "type": [Function],
      },
      Object {
        "instance": null,
        "key": undefined,
        "nodeType": "function",
        "props": Object {
          "newProps": [Function],
          "people": Array [],
        },
        "ref": null,
        "rendered": null,
        "type": [Function],
      },
    ],
    "type": "div",
  },
  Symbol(enzyme.__nodes__): Array [
    Object {
      "instance": null,
      "key": undefined,
      "nodeType": "host",
      "props": Object {
        "children": Array [
          <header
            className="header"
          >
            <img
              className="app-title"
              src="https://fontmeme.com/permalink/181011/77642b270be5b116183f969599b14285.png"
            />
            <div
              className="button-container"
            >
              <button
                className="cat-button people-button cat-button-inactive"
                name="people"
                onClick={[Function]}
              >
                People
              </button>
              <button
                className="cat-button planets-button"
              >
                Planets
              </button>
              <button
                className="cat-button vehicles-button"
              >
                Vehicles
              </button>
              <FavoriteButton
                className="FavoriteButton"
              />
            </div>
          </header>,
          <Sidebar
            films={Object {}}
          />,
          <CardContainer
            newProps={[Function]}
            people={Array []}
          />,
        ],
        "className": "App",
      },
      "ref": null,
      "rendered": Array [
        Object {
          "instance": null,
          "key": undefined,
          "nodeType": "host",
          "props": Object {
            "children": Array [
              <img
                className="app-title"
                src="https://fontmeme.com/permalink/181011/77642b270be5b116183f969599b14285.png"
              />,
              <div
                className="button-container"
              >
                <button
                  className="cat-button people-button cat-button-inactive"
                  name="people"
                  onClick={[Function]}
                >
                  People
                </button>
                <button
                  className="cat-button planets-button"
                >
                  Planets
                </button>
                <button
                  className="cat-button vehicles-button"
                >
                  Vehicles
                </button>
                <FavoriteButton
                  className="FavoriteButton"
                />
              </div>,
            ],
            "className": "header",
          },
          "ref": null,
          "rendered": Array [
            Object {
              "instance": null,
              "key": undefined,
              "nodeType": "host",
              "props": Object {
                "className": "app-title",
                "src": "https://fontmeme.com/permalink/181011/77642b270be5b116183f969599b14285.png",
              },
              "ref": null,
              "rendered": null,
              "type": "img",
            },
            Object {
              "instance": null,
              "key": undefined,
              "nodeType": "host",
              "props": Object {
                "children": Array [
                  <button
                    className="cat-button people-button cat-button-inactive"
                    name="people"
                    onClick={[Function]}
                  >
                    People
                  </button>,
                  <button
                    className="cat-button planets-button"
                  >
                    Planets
                  </button>,
                  <button
                    className="cat-button vehicles-button"
                  >
                    Vehicles
                  </button>,
                  <FavoriteButton
                    className="FavoriteButton"
                  />,
                ],
                "className": "button-container",
              },
              "ref": null,
              "rendered": Array [
                Object {
                  "instance": null,
                  "key": undefined,
                  "nodeType": "host",
                  "props": Object {
                    "children": "People",
                    "className": "cat-button people-button cat-button-inactive",
                    "name": "people",
                    "onClick": [Function],
                  },
                  "ref": null,
                  "rendered": "People",
                  "type": "button",
                },
                Object {
                  "instance": null,
                  "key": undefined,
                  "nodeType": "host",
                  "props": Object {
                    "children": "Planets",
                    "className": "cat-button planets-button",
                  },
                  "ref": null,
                  "rendered": "Planets",
                  "type": "button",
                },
                Object {
                  "instance": null,
                  "key": undefined,
                  "nodeType": "host",
                  "props": Object {
                    "children": "Vehicles",
                    "className": "cat-button vehicles-button",
                  },
                  "ref": null,
                  "rendered": "Vehicles",
                  "type": "button",
                },
                Object {
                  "instance": null,
                  "key": undefined,
                  "nodeType": "function",
                  "props": Object {
                    "className": "FavoriteButton",
                  },
                  "ref": null,
                  "rendered": null,
                  "type": [Function],
                },
              ],
              "type": "div",
            },
          ],
          "type": "header",
        },
        Object {
          "instance": null,
          "key": undefined,
          "nodeType": "class",
          "props": Object {
            "films": Object {},
          },
          "ref": null,
          "rendered": null,
          "type": [Function],
        },
        Object {
          "instance": null,
          "key": undefined,
          "nodeType": "function",
          "props": Object {
            "newProps": [Function],
            "people": Array [],
          },
          "ref": null,
          "rendered": null,
          "type": [Function],
        },
      ],
      "type": "div",
    },
  ],
  Symbol(enzyme.__options__): Object {
    "adapter": ReactSixteenAdapter {
      "options": Object {
        "enableComponentDidUpdateOnSetState": true,
        "lifecycles": Object {
          "componentDidUpdate": Object {
            "onSetState": true,
          },
          "getDerivedStateFromProps": true,
          "getSnapshotBeforeUpdate": true,
          "setState": Object {
            "skipsComponentDidUpdateOnNullish": true,
          },
        },
      },
    },
  },
}
`;
